[dotenv@17.3.1] injecting env (10) from .env -- tip: ΓÜÖ∩╕Å  suppress all logs with { quiet: true }
STARTING TEST SCRIPT
SQL Error: Error: Access denied for user 'root'@'localhost' (using password: NO)
    at Object.createConnectionPromise [as createConnection] (D:\Atheleos\node_modules\mysql2\promise.js:19:31)
    at test (D:\Atheleos\test_insert.js:7:30)
    at Object.<anonymous> (D:\Atheleos\test_insert.js:49:1)
    at Module._compile (node:internal/modules/cjs/loader:1706:14)
    at Object..js (node:internal/modules/cjs/loader:1839:10)
    at Module.load (node:internal/modules/cjs/loader:1441:32)
    at Function._load (node:internal/modules/cjs/loader:1263:12)
    at TracingChannel.traceSync (node:diagnostics_channel:322:14)
    at wrapModuleLoad (node:internal/modules/cjs/loader:237:24)
    at Function.executeUserEntryPoint [as runMain] (node:internal/modules/run_main:171:5) {
  code: 'ER_ACCESS_DENIED_ERROR',
  errno: 1045,
  sqlState: '28000'
}
